<html>
<body>
<pre>
<h1>µVision Build Log</h1>
<h2>Tool Versions:</h2>
IDE-Version: µVision V5.39.0.0
Copyright (C) 2023 ARM Ltd and ARM Germany GmbH. All rights reserved.
License Information: Lily Chen, UCSB, LIC=----
 
Tool Versions:
Toolchain:       MDK-Lite  Version: 5.39.0.0
Toolchain Path:  C:\Keil_v5\ARM\ARMCLANG\Bin
C Compiler:      ArmClang.exe V6.21
Assembler:       Armasm.exe V6.21
Linker/Locator:  ArmLink.exe V6.21
Library Manager: ArmAr.exe V6.21
Hex Converter:   FromElf.exe V6.21
CPU DLL:         SARMCM3.DLL V5.39.0.0
Dialog DLL:      DCM.DLL V1.17.5.0
Target DLL:      STLink\ST-LINKIII-KEIL_SWO.dll V3.2.0.0
Dialog DLL:      TCM.DLL V1.56.4.0
 
<h2>Project:</h2>
C:\Users\cyxli\OneDrive\Desktop\Template_L5\L5A\project.uvprojx
Project File Date:  05/16/2024

<h2>Output:</h2>
*** Using Compiler 'V6.21', folder: 'C:\Keil_v5\ARM\ARMCLANG\Bin'
Build target 'Target 1'
src/main.c(10): warning: In file included from...
src/ADC.h(4): warning: In file included from...
src/stm32l476xx.h(12): warning: invalid UTF-8 in comment [-Winvalid-utf8]
   12 |   *           - Macros to access peripheral<92>s registers hardware
      |                                            ^
src/main.c(38): warning: implicit conversion loses floating-point precision: 'double' to 'float' [-Wimplicit-float-conversion]
   38 |                         volt = 3.3 * ((4096 - ((float)data)) / 4096);   
      |                              ~ ~~~~^~~~~~~~~~~~~~~~~~~~~~~~~~~~~~~~~
src/main.c(38): warning: implicit conversion increases floating-point precision: 'float' to 'double' [-Wdouble-promotion]
   38 |                         volt = 3.3 * ((4096 - ((float)data)) / 4096);   
      |                                    ~  ~~~~~~~~~~~~~~~~~~~~~~~^~~~~~
src/main.c(16): warning: no previous extern declaration for non-static variable 'data' [-Wmissing-variable-declarations]
   16 | uint32_t data;
      |          ^
src/main.c(16): note: declare 'static' if the variable is not intended to be used outside of this translation unit
   16 | uint32_t data;
      | ^
src/main.c(17): warning: no previous extern declaration for non-static variable 'volt' [-Wmissing-variable-declarations]
   17 | volatile float volt;
      |                ^
src/main.c(17): note: declare 'static' if the variable is not intended to be used outside of this translation unit
   17 | volatile float volt;
      |          ^
5 warnings generated.
compiling main.c...
src/PWM.c(1): warning: In file included from...
src/PWM.h(4): warning: In file included from...
src/stm32l476xx.h(12): warning: invalid UTF-8 in comment [-Winvalid-utf8]
   12 |   *           - Macros to access peripheral<92>s registers hardware
      |                                            ^
src/PWM.c(4): warning: a function declaration without a prototype is deprecated in all versions of C [-Wstrict-prototypes]
    4 | void LED_Init() {
      |              ^
      |               void
src/PWM.c(26): warning: a function declaration without a prototype is deprecated in all versions of C [-Wstrict-prototypes]
   26 | void PWM_Init() {
      |              ^
      |               void
src/PWM.c(66): warning: no newline at end of file [-Wnewline-eof]
   66 | }
      |  ^
4 warnings generated.
compiling PWM.c...
linking...
Program Size: Code=2396 RO-data=408 RW-data=0 ZI-data=1640  
FromELF: creating hex file...
".\Objects\project.axf" - 0 Error(s), 9 Warning(s).

<h2>Software Packages used:</h2>

Package Vendor: ARM
                http://www.keil.com/pack/ARM.CMSIS.5.9.0.pack
                ARM::CMSIS@5.9.0
                CMSIS (Common Microcontroller Software Interface Standard)
   * Component: CORE Version: 5.6.0

Package Vendor: Keil
                https://www.keil.com/pack/Keil.STM32L4xx_DFP.2.7.0.pack
                Keil::STM32L4xx_DFP@2.7.0
                STMicroelectronics STM32L4 Series Device Support, Drivers and Examples

<h2>Collection of Component include folders:</h2>
  ./RTE/_Target_1
  C:/Users/cyxli/AppData/Local/Arm/Packs/ARM/CMSIS/5.9.0/CMSIS/Core/Include
  C:/Users/cyxli/AppData/Local/Arm/Packs/Keil/STM32L4xx_DFP/2.7.0/Drivers/CMSIS/Device/ST/STM32L4xx/Include

<h2>Collection of Component Files used:</h2>

   * Component: ARM::CMSIS:CORE@5.6.0
Build Time Elapsed:  00:00:01
</pre>
</body>
</html>
